Microchip MPLAB XC8 Compiler V2.05 ()

Linker command line:

-W-3 --edf=C:\Program Files (x86)\Microchip\xc8\v2.05\pic\dat\en_msgs.txt \
  -cs -h+dist/default/production\MouseRN2483.X.production.sym \
  --cmf=dist/default/production\MouseRN2483.X.production.cmf -z -Q18LF46K22 \
  -oC:\Users\Jenni\AppData\Local\Temp\s5eg.2 --defsym=__MPLAB_BUILD=1 \
  -Mdist/default/production/MouseRN2483.X.production.map -E1 -ver=XC8 \
  --acfsm=1493 -ASTACK=06BEh-0F37h -pstack=STACK -ACODE=00h-0FFFFh \
  -ACONST=00h-0FFFFh -ASMALLCONST=01000h-010FFhx240 \
  -AMEDIUMCONST=01000h-0FFFFh -ACOMRAM=01h-05Fh -AABS1=00h-0F37h \
  -ABIGRAM=01h-0F37h -ARAM=060h-0FFh,0100h-01FFhx14,0F00h-0F37h \
  -ABANK0=060h-0FFh -ABANK1=0100h-01FFh -ABANK2=0200h-02FFh \
  -ABANK3=0300h-03FFh -ABANK4=0400h-04FFh -ABANK5=0500h-05FFh \
  -ABANK6=0600h-06FFh -ABANK7=0700h-07FFh -ABANK8=0800h-08FFh \
  -ABANK9=0900h-09FFh -ABANK10=0A00h-0AFFh -ABANK11=0B00h-0BFFh \
  -ABANK12=0C00h-0CFFh -ABANK13=0D00h-0DFFh -ABANK14=0E00h-0EFFh \
  -ABANK15=0F00h-0F37h -ASFR=0F38h-0F5Fh,0F60h-0FFFh \
  -preset_vec=00h,intcode,intcodelo,powerup,init -pramtop=01000h \
  -psmallconst=SMALLCONST -pmediumconst=MEDIUMCONST -pconst=CONST \
  -AFARRAM=00h-00h -ACONFIG=0300000h-030000Dh -pconfig=CONFIG \
  -AIDLOC=0200000h-0200007h -pidloc=IDLOC -AEEDATA=0F00000h-0F003FFh \
  -peeprom_data=EEDATA \
  -prdata=COMRAM,nvrram=COMRAM,nvbit=COMRAM,rbss=COMRAM,rbit=COMRAM \
  -pfarbss=FARRAM,fardata=FARRAM,nvFARRAM=FARRAM \
  -pintsave_regs=BIGRAM,bigbss=BIGRAM,bigdata=BIGRAM -pbss=RAM \
  -pidata=CODE,irdata=CODE,ibigdata=CODE,ifardata=CODE -prparam=COMRAM \
  C:\Users\Jenni\AppData\Local\Temp\s5eg.o \
  dist/default/production\MouseRN2483.X.production.o 

Object code version is 3.11

Machine type is 18LF46K22

Call graph: (short form)




                Name                               Link     Load   Length Selector   Space Scale
C:\Users\Jenni\AppData\Local\Temp\s5eg.o
                init                                  0        0        4        0       0
                idloc                            200000   200000        8   200000       0
                config                           300000   300000        E   300000       0
dist/default/production\MouseRN2483.X.production.o
                mediumconst                        FE66     FE66      19A     7F33       0
                text192                            9D58     9D58       72     4EAC       0
                text191                            96B0     96B0       52     4B58       0
                text190                            98AC     98AC       5C     4C56       0
                text189                            8EF4     8EF4       2C     477A       0
                text188                            9DCA     9DCA       72     4EE5       0
                text187                            9E3C     9E3C       72     4F1E       0
                text186                            92B8     92B8       40     495C       0
                text185                            8CC4     8CC4       1E     4662       0
                text184                            B9B0     B9B0      110     5CD8       0
                text183                            B2B2     B2B2       F8     5959       0
                text182                            8C70     8C70       1C     4638       0
                text181                            93BC     93BC       44     49DE       0
                text180                            A27E     A27E       84     513F       0
                text179                            A386     A386       88     51C3       0
                text178                            8C8C     8C8C       1C     4646       0
                text177                            A1FC     A1FC       82     50FE       0
                text176                            97A8     97A8       56     4BD4       0
                text175                            BE36     BE36      14A     5F1B       0
                text174                            89BC     89BC        4     44DE       0
                text173                            89C0     89C0        4     44E0       0
                text172                            8B92     8B92       16     45C9       0
                text171                            8E76     8E76       2A     473B       0
                text170                            9338     9338       42     499C       0
                text169                            89C4     89C4        4     44E2       0
                text168                            89C8     89C8        4     44E4       0
                text167                            8B02     8B02       10     4581       0
                text166                            8A36     8A36        A     451B       0
                text165                            8BEE     8BEE       1A     45F7       0
                text164                            9B52     9B52       66     4DA9       0
                text163                            AFEC     AFEC       E8     57F6       0
                text162                            8A86     8A86        C     4543       0
                text161                            8CE2     8CE2       1E     4671       0
                text160                            B0D4     B0D4       EC     586A       0
                text159                            9056     9056       30     482B       0
                text158                            C4F0     C4F0      1B0     6278       0
                text157                            89E6     89E6        8     44F3       0
                text156                            9702     9702       52     4B81       0
                text155                            A8CE     A8CE       BA     5467       0
                text154                            C856     C856      1C4     642B       0
                text153                            A520     A520       90     5290       0
                text152                            AC9A     AC9A       CA     564D       0
                text151                            8B12     8B12       10     4589       0
                text150                            9908     9908       60     4C84       0
                text149                            D618     D618      29C     6B0C       0
                text148                            C21E     C21E      162     610F       0
                text147                            E188     E188      300     70C4       0
                text146                            90B6     90B6       32     485B       0
                text145                            95C0     95C0       50     4AE0       0
                text144                            BBD6     BBD6      11E     5DEB       0
                text143                            DB96     DB96      2F6     6DCB       0
                text142                            9968     9968       60     4CB4       0
                text141                            937A     937A       42     49BD       0
                text140                            9754     9754       54     4BAA       0
                text139                            8D7A     8D7A       22     46BD       0
                text138                            C0CE     C0CE      150     6067       0
                text137                            9A8A     9A8A       64     4D45       0
                text136                            9C84     9C84       68     4E42       0
                text135                            AF0E     AF0E       DE     5787       0
                text134                            E802     E802      48E     7401       0
                text133                            CBEE     CBEE      1FC     65F7       0
                text132                            89EE     89EE        8     44F7       0
                text131                            A40E     A40E       88     5207       0
                text130                            8F20     8F20       2C     4790       0
                text129                            8A40     8A40        A     4520       0
                text128                            89F6     89F6        8     44FB       0
                text127                            89FE     89FE        8     44FF       0
                text126                            A5B0     A5B0       90     52D8       0
                text125                            8A06     8A06        8     4503       0
                text124                            8A0E     8A0E        8     4507       0
                text123                            8A16     8A16        8     450B       0
                text122                            9400     9400       46     4A00       0
                text121                            B1C0     B1C0       F2     58E0       0
                text120                            99C8     99C8       60     4CE4       0
                text119                            8B56     8B56       14     45AB       0
                text118                            A6D0     A6D0       A0     5368       0
                text117                            8B32     8B32       12     4599       0
                text116                            8E04     8E04       26     4702       0
                text115                            D1EE     D1EE      210     68F7       0
                text114                            8D00     8D00       1E     4680       0
                text113                            89D4     89D4        6     44EA       0
                text112                            8A92     8A92        E     4549       0
                text111                            8B22     8B22       10     4591       0
                text110                            89B4     89B4        2     44DA       0
                text109                            9EAE     9EAE       72     4F57       0
                text108                            89DA     89DA        6     44ED       0
                text107                            8D1E     8D1E       1E     468F       0
                text106                            91C6     91C6       3C     48E3       0
                text105                            EC90     EC90      6DA     7648       0
                text104                            B694     B694      104     5B4A       0
                text103                            97FE     97FE       56     4BFF       0
                text102                            9F96     9F96       78     4FCB       0
                text101                            A640     A640       90     5320       0
                text100                            A0FE     A0FE       7E     507F       0
                text99                             9524     9524       4E     4A92       0
                text98                             AA44     AA44       C6     5522       0
                text97                             AB0A     AB0A       C8     5585       0
                text96                             A302     A302       84     5181       0
                text95                             C380     C380      170     61C0       0
                text94                             A770     A770       AE     53B8       0
                text93                             89E0     89E0        6     44F0       0
                text92                             DE8C     DE8C      2FC     6F46       0
                text91                             E488     E488      37A     7244       0
                text90                             948E     948E       4A     4A47       0
                text89                             AD64     AD64       CE     56B2       0
                text88                             8A4A     8A4A        A     4525       0
                text87                             9610     9610       50     4B08       0
                text86                             B798     B798      10C     5BCC       0
                text85                             9AEE     9AEE       64     4D77       0
                text84                             8C08     8C08       1A     4604       0
                text83                             8A1E     8A1E        8     450F       0
                text82                             8A26     8A26        8     4513       0
                text81                             9446     9446       48     4A23       0
                text80                             8CA8     8CA8       1C     4654       0
                text79                             8B6A     8B6A       14     45B5       0
                text78                             8D9C     8D9C       22     46CE       0
                text77                             C6A0     C6A0      1B6     6350       0
                text76                             8F4C     8F4C       2C     47A6       0
                text75                             8D5A     8D5A       20     46AD       0
                text74                             911E     911E       38     488F       0
                text73                             B59A     B59A       FA     5ACD       0
                text72                             9086     9086       30     4843       0
                text71                             9156     9156       38     48AB       0
                text70                             9202     9202       3C     4901       0
                text69                             9BB8     9BB8       66     4DDC       0
                text68                             CA1A     CA1A      1D4     650D       0
                text67                             8BA8     8BA8       16     45D4       0
                text66                             8B7E     8B7E       14     45BF       0
                text65                             BF80     BF80      14E     5FC0       0
                text64                             8E2A     8E2A       26     4715       0
                text63                             923E     923E       3C     491F       0
                text62                             8E50     8E50       26     4728       0
                text61                             CDEA     CDEA      202     66F5       0
                text60                             89B6     89B6        2     44DB       0
                text59                             8F78     8F78       2C     47BC       0
                text58                             A00E     A00E       78     5007       0
                text57                             BCF4     BCF4      142     5E7A       0
                text56                             CFEC     CFEC      202     67F6       0
                text55                             8BBE     8BBE       18     45DF       0
                text54                             9CEC     9CEC       6C     4E76       0
                text53                             F36A     F36A      AFC     79B5       0
                text52                             D8B4     D8B4      2E2     6C5A       0
                text51                             A81E     A81E       B0     540F       0
                text50                             9A28     9A28       62     4D14       0
                text49                             AE32     AE32       DC     5719       0
                text48                             B3AA     B3AA       F8     59D5       0
                text47                             8EA0     8EA0       2A     4750       0
                text46                             A496     A496       8A     524B       0
                text45                             918E     918E       38     48C7       0
                text44                             8ECA     8ECA       2A     4765       0
                text43                             9572     9572       4E     4AB9       0
                text42                             94D8     94D8       4C     4A6C       0
                text41                             8C22     8C22       1A     4611       0
                text40                             8C3C     8C3C       1A     461E       0
                text39                             8C56     8C56       1A     462B       0
                text38                             8B44     8B44       12     45A2       0
                text37                             9C1E     9C1E       66     4E0F       0
                text36                             8FA4     8FA4       2C     47D2       0
                text35                             92F8     92F8       40     497C       0
                text34                             ABD2     ABD2       C8     55E9       0
                text33                             A17C     A17C       80     50BE       0
                text32                             BAC0     BAC0      116     5D60       0
                text31                             B8A4     B8A4      10C     5C52       0
                text30                             8DE0     8DE0       24     46F0       0
                text29                             B4A2     B4A2       F8     5A51       0
                text28                             D3FE     D3FE      21A     69FF       0
                text27                             A988     A988       BC     54C4       0
                text26                             927A     927A       3E     493D       0
                text25                             8FD0     8FD0       2C     47E8       0
                text24                             8BD6     8BD6       18     45EB       0
                text23                             8FFC     8FFC       2C     47FE       0
                text22                             8A54     8A54        A     452A       0
                text21                             8A5E     8A5E        A     452F       0
                text20                             8A68     8A68        A     4534       0
                text19                             90E8     90E8       36     4874       0
                text18                             89CC     89CC        4     44E6       0
                text17                             8AA0     8AA0        E     4550       0
                text16                             8AAE     8AAE        E     4557       0
                text15                             8A72     8A72        A     4539       0
                text14                             8ABC     8ABC        E     455E       0
                text13                             89B8     89B8        2     44DC       0
                text12                             89BA     89BA        2     44DD       0
                text11                             8ACA     8ACA        E     4565       0
                text10                             8A2E     8A2E        8     4517       0
                text9                              8A7C     8A7C        A     453E       0
                text8                              8AD8     8AD8        E     456C       0
                text7                              8DBE     8DBE       22     46DF       0
                text6                              8AE6     8AE6        E     4573       0
                text5                              9660     9660       50     4B30       0
                text4                              8AF4     8AF4        E     457A       0
                text3                              89D0     89D0        4     44E8       0
                text2                              9028     9028       2E     4814       0
                text1                              8D3C     8D3C       1E     469E       0
                text0                              A086     A086       78     5043       0
                cstackCOMRAM                          1        1       5F        1       1
                cstackBANK0                          60       60       90       60       1
                cstackBANK1                         1B5      1B5       2F      100       1
                bssBIGRAM                           4A0      4A0      21E      4A0       1
                bssBANK4                            400      400       A0      400       1
                bssBANK3                            300      300       E0      300       1
                bssBANK2                            200      200       F5      200       1
                dataBANK1                           15E      15E       57      100       1
                bssBANK1                            100      100       5E      100       1
                bssBANK0                             F0       F0        8       60       1
                cinit                              9F20     9F20       76     4F90       0
                nvBANK1                             1E4      1E4        C      100       1
                idataBANK1                         9855     9855       57     9855       0

TOTAL           Name                               Link     Load   Length     Space
        CLASS   STACK          

        CLASS   CODE           
                init                                  0        0        4         0
                text192                            9D58     9D58       72         0
                text191                            96B0     96B0       52         0
                text190                            98AC     98AC       5C         0
                text189                            8EF4     8EF4       2C         0
                text188                            9DCA     9DCA       72         0
                text187                            9E3C     9E3C       72         0
                text186                            92B8     92B8       40         0
                text185                            8CC4     8CC4       1E         0
                text184                            B9B0     B9B0      110         0
                text183                            B2B2     B2B2       F8         0
                text182                            8C70     8C70       1C         0
                text181                            93BC     93BC       44         0
                text180                            A27E     A27E       84         0
                text179                            A386     A386       88         0
                text178                            8C8C     8C8C       1C         0
                text177                            A1FC     A1FC       82         0
                text176                            97A8     97A8       56         0
                text175                            BE36     BE36      14A         0
                text174                            89BC     89BC        4         0
                text173                            89C0     89C0        4         0
                text172                            8B92     8B92       16         0
                text171                            8E76     8E76       2A         0
                text170                            9338     9338       42         0
                text169                            89C4     89C4        4         0
                text168                            89C8     89C8        4         0
                text167                            8B02     8B02       10         0
                text166                            8A36     8A36        A         0
                text165                            8BEE     8BEE       1A         0
                text164                            9B52     9B52       66         0
                text163                            AFEC     AFEC       E8         0
                text162                            8A86     8A86        C         0
                text161                            8CE2     8CE2       1E         0
                text160                            B0D4     B0D4       EC         0
                text159                            9056     9056       30         0
                text158                            C4F0     C4F0      1B0         0
                text157                            89E6     89E6        8         0
                text156                            9702     9702       52         0
                text155                            A8CE     A8CE       BA         0
                text154                            C856     C856      1C4         0
                text153                            A520     A520       90         0
                text152                            AC9A     AC9A       CA         0
                text151                            8B12     8B12       10         0
                text150                            9908     9908       60         0
                text149                            D618     D618      29C         0
                text148                            C21E     C21E      162         0
                text147                            E188     E188      300         0
                text146                            90B6     90B6       32         0
                text145                            95C0     95C0       50         0
                text144                            BBD6     BBD6      11E         0
                text143                            DB96     DB96      2F6         0
                text142                            9968     9968       60         0
                text141                            937A     937A       42         0
                text140                            9754     9754       54         0
                text139                            8D7A     8D7A       22         0
                text138                            C0CE     C0CE      150         0
                text137                            9A8A     9A8A       64         0
                text136                            9C84     9C84       68         0
                text135                            AF0E     AF0E       DE         0
                text134                            E802     E802      48E         0
                text133                            CBEE     CBEE      1FC         0
                text132                            89EE     89EE        8         0
                text131                            A40E     A40E       88         0
                text130                            8F20     8F20       2C         0
                text129                            8A40     8A40        A         0
                text128                            89F6     89F6        8         0
                text127                            89FE     89FE        8         0
                text126                            A5B0     A5B0       90         0
                text125                            8A06     8A06        8         0
                text124                            8A0E     8A0E        8         0
                text123                            8A16     8A16        8         0
                text122                            9400     9400       46         0
                text121                            B1C0     B1C0       F2         0
                text120                            99C8     99C8       60         0
                text119                            8B56     8B56       14         0
                text118                            A6D0     A6D0       A0         0
                text117                            8B32     8B32       12         0
                text116                            8E04     8E04       26         0
                text115                            D1EE     D1EE      210         0
                text114                            8D00     8D00       1E         0
                text113                            89D4     89D4        6         0
                text112                            8A92     8A92        E         0
                text111                            8B22     8B22       10         0
                text110                            89B4     89B4        2         0
                text109                            9EAE     9EAE       72         0
                text108                            89DA     89DA        6         0
                text107                            8D1E     8D1E       1E         0
                text106                            91C6     91C6       3C         0
                text105                            EC90     EC90      6DA         0
                text104                            B694     B694      104         0
                text103                            97FE     97FE       56         0
                text102                            9F96     9F96       78         0
                text101                            A640     A640       90         0
                text100                            A0FE     A0FE       7E         0
                text99                             9524     9524       4E         0
                text98                             AA44     AA44       C6         0
                text97                             AB0A     AB0A       C8         0
                text96                             A302     A302       84         0
                text95                             C380     C380      170         0
                text94                             A770     A770       AE         0
                text93                             89E0     89E0        6         0
                text92                             DE8C     DE8C      2FC         0
                text91                             E488     E488      37A         0
                text90                             948E     948E       4A         0
                text89                             AD64     AD64       CE         0
                text88                             8A4A     8A4A        A         0
                text87                             9610     9610       50         0
                text86                             B798     B798      10C         0
                text85                             9AEE     9AEE       64         0
                text84                             8C08     8C08       1A         0
                text83                             8A1E     8A1E        8         0
                text82                             8A26     8A26        8         0
                text81                             9446     9446       48         0
                text80                             8CA8     8CA8       1C         0
                text79                             8B6A     8B6A       14         0
                text78                             8D9C     8D9C       22         0
                text77                             C6A0     C6A0      1B6         0
                text76                             8F4C     8F4C       2C         0
                text75                             8D5A     8D5A       20         0
                text74                             911E     911E       38         0
                text73                             B59A     B59A       FA         0
                text72                             9086     9086       30         0
                text71                             9156     9156       38         0
                text70                             9202     9202       3C         0
                text69                             9BB8     9BB8       66         0
                text68                             CA1A     CA1A      1D4         0
                text67                             8BA8     8BA8       16         0
                text66                             8B7E     8B7E       14         0
                text65                             BF80     BF80      14E         0
                text64                             8E2A     8E2A       26         0
                text63                             923E     923E       3C         0
                text62                             8E50     8E50       26         0
                text61                             CDEA     CDEA      202         0
                text60                             89B6     89B6        2         0
                text59                             8F78     8F78       2C         0
                text58                             A00E     A00E       78         0
                text57                             BCF4     BCF4      142         0
                text56                             CFEC     CFEC      202         0
                text55                             8BBE     8BBE       18         0
                text54                             9CEC     9CEC       6C         0
                text53                             F36A     F36A      AFC         0
                text52                             D8B4     D8B4      2E2         0
                text51                             A81E     A81E       B0         0
                text50                             9A28     9A28       62         0
                text49                             AE32     AE32       DC         0
                text48                             B3AA     B3AA       F8         0
                text47                             8EA0     8EA0       2A         0
                text46                             A496     A496       8A         0
                text45                             918E     918E       38         0
                text44                             8ECA     8ECA       2A         0
                text43                             9572     9572       4E         0
                text42                             94D8     94D8       4C         0
                text41                             8C22     8C22       1A         0
                text40                             8C3C     8C3C       1A         0
                text39                             8C56     8C56       1A         0
                text38                             8B44     8B44       12         0
                text37                             9C1E     9C1E       66         0
                text36                             8FA4     8FA4       2C         0
                text35                             92F8     92F8       40         0
                text34                             ABD2     ABD2       C8         0
                text33                             A17C     A17C       80         0
                text32                             BAC0     BAC0      116         0
                text31                             B8A4     B8A4      10C         0
                text30                             8DE0     8DE0       24         0
                text29                             B4A2     B4A2       F8         0
                text28                             D3FE     D3FE      21A         0
                text27                             A988     A988       BC         0
                text26                             927A     927A       3E         0
                text25                             8FD0     8FD0       2C         0
                text24                             8BD6     8BD6       18         0
                text23                             8FFC     8FFC       2C         0
                text22                             8A54     8A54        A         0
                text21                             8A5E     8A5E        A         0
                text20                             8A68     8A68        A         0
                text19                             90E8     90E8       36         0
                text18                             89CC     89CC        4         0
                text17                             8AA0     8AA0        E         0
                text16                             8AAE     8AAE        E         0
                text15                             8A72     8A72        A         0
                text14                             8ABC     8ABC        E         0
                text13                             89B8     89B8        2         0
                text12                             89BA     89BA        2         0
                text11                             8ACA     8ACA        E         0
                text10                             8A2E     8A2E        8         0
                text9                              8A7C     8A7C        A         0
                text8                              8AD8     8AD8        E         0
                text7                              8DBE     8DBE       22         0
                text6                              8AE6     8AE6        E         0
                text5                              9660     9660       50         0
                text4                              8AF4     8AF4        E         0
                text3                              89D0     89D0        4         0
                text2                              9028     9028       2E         0
                text1                              8D3C     8D3C       1E         0
                text0                              A086     A086       78         0
                cinit                              9F20     9F20       76         0
                idataBANK1                         9855     9855       57         0

        CLASS   CONST          

        CLASS   SMALLCONST     

        CLASS   MEDIUMCONST    
                mediumconst                        FE66     FE66      19A         0

        CLASS   COMRAM         
                cstackCOMRAM                          1        1       5F         1

        CLASS   ABS1           

        CLASS   BIGRAM         
                bssBIGRAM                           4A0      4A0      21E         1

        CLASS   RAM            

        CLASS   BANK0          
                cstackBANK0                          60       60       90         1
                bssBANK0                             F0       F0        8         1

        CLASS   BANK1          
                cstackBANK1                         1B5      1B5       2F         1
                dataBANK1                           15E      15E       57         1
                bssBANK1                            100      100       5E         1
                nvBANK1                             1E4      1E4        C         1

        CLASS   BANK2          
                bssBANK2                            200      200       F5         1

        CLASS   BANK3          
                bssBANK3                            300      300       E0         1

        CLASS   BANK4          
                bssBANK4                            400      400       A0         1

        CLASS   BANK5          

        CLASS   BANK6          

        CLASS   BANK7          

        CLASS   BANK8          

        CLASS   BANK9          

        CLASS   BANK10         

        CLASS   BANK11         

        CLASS   BANK12         

        CLASS   BANK13         

        CLASS   BANK14         

        CLASS   BANK15         

        CLASS   SFR            

        CLASS   FARRAM         

        CLASS   CONFIG         
                config                           300000   300000        E         0

        CLASS   IDLOC          
                idloc                            200000   200000        8         0

        CLASS   EEDATA         



SEGMENTS        Name                           Load    Length   Top    Selector   Space  Class

                reset_vec                      000000  000004  000004         0       0  CODE    
                cstackCOMRAM                   000001  00005F  000060         1       1  COMRAM  
                cstackBANK0                    000060  000098  0000F8        60       1  BANK0   
                bssBANK1                       000100  0000F0  0001F0       100       1  BANK1   
                bssBANK2                       000200  0000F5  0002F5       200       1  BANK2   
                bssBANK3                       000300  0000E0  0003E0       300       1  BANK3   
                bssBANK4                       000400  0000A0  0004A0       400       1  BANK4   
                bssBIGRAM                      0004A0  00021E  0006BE       4A0       1  BIGRAM  
                text110                        0089B4  000002  0089B6      44DA       0  CODE    
                text60                         0089B6  000002  0089B8      44DB       0  CODE    
                text13                         0089B8  000002  0089BA      44DC       0  CODE    
                text12                         0089BA  000002  0089BC      44DD       0  CODE    
                text174                        0089BC  000004  0089C0      44DE       0  CODE    
                text173                        0089C0  000004  0089C4      44E0       0  CODE    
                text169                        0089C4  000004  0089C8      44E2       0  CODE    
                text168                        0089C8  000004  0089CC      44E4       0  CODE    
                text18                         0089CC  000004  0089D0      44E6       0  CODE    
                text3                          0089D0  000004  0089D4      44E8       0  CODE    
                text113                        0089D4  000006  0089DA      44EA       0  CODE    
                text108                        0089DA  000006  0089E0      44ED       0  CODE    
                text93                         0089E0  000006  0089E6      44F0       0  CODE    
                text157                        0089E6  000008  0089EE      44F3       0  CODE    
                text132                        0089EE  000008  0089F6      44F7       0  CODE    
                text128                        0089F6  000008  0089FE      44FB       0  CODE    
                text127                        0089FE  000008  008A06      44FF       0  CODE    
                text125                        008A06  000008  008A0E      4503       0  CODE    
                text124                        008A0E  000008  008A16      4507       0  CODE    
                text123                        008A16  000008  008A1E      450B       0  CODE    
                text83                         008A1E  000008  008A26      450F       0  CODE    
                text82                         008A26  000008  008A2E      4513       0  CODE    
                text10                         008A2E  000008  008A36      4517       0  CODE    
                text166                        008A36  00000A  008A40      451B       0  CODE    
                text129                        008A40  00000A  008A4A      4520       0  CODE    
                text88                         008A4A  00000A  008A54      4525       0  CODE    
                text22                         008A54  00000A  008A5E      452A       0  CODE    
                text21                         008A5E  00000A  008A68      452F       0  CODE    
                text20                         008A68  00000A  008A72      4534       0  CODE    
                text15                         008A72  00000A  008A7C      4539       0  CODE    
                text9                          008A7C  00000A  008A86      453E       0  CODE    
                text162                        008A86  00000C  008A92      4543       0  CODE    
                text112                        008A92  00000E  008AA0      4549       0  CODE    
                text17                         008AA0  00000E  008AAE      4550       0  CODE    
                text16                         008AAE  00000E  008ABC      4557       0  CODE    
                text14                         008ABC  00000E  008ACA      455E       0  CODE    
                text11                         008ACA  00000E  008AD8      4565       0  CODE    
                text8                          008AD8  00000E  008AE6      456C       0  CODE    
                text6                          008AE6  00000E  008AF4      4573       0  CODE    
                text4                          008AF4  00000E  008B02      457A       0  CODE    
                text167                        008B02  000010  008B12      4581       0  CODE    
                text151                        008B12  000010  008B22      4589       0  CODE    
                text111                        008B22  000010  008B32      4591       0  CODE    
                text117                        008B32  000012  008B44      4599       0  CODE    
                text38                         008B44  000012  008B56      45A2       0  CODE    
                text119                        008B56  000014  008B6A      45AB       0  CODE    
                text79                         008B6A  000014  008B7E      45B5       0  CODE    
                text66                         008B7E  000014  008B92      45BF       0  CODE    
                text172                        008B92  000016  008BA8      45C9       0  CODE    
                text67                         008BA8  000016  008BBE      45D4       0  CODE    
                text55                         008BBE  000018  008BD6      45DF       0  CODE    
                text24                         008BD6  000018  008BEE      45EB       0  CODE    
                text165                        008BEE  00001A  008C08      45F7       0  CODE    
                text84                         008C08  00001A  008C22      4604       0  CODE    
                text41                         008C22  00001A  008C3C      4611       0  CODE    
                text40                         008C3C  00001A  008C56      461E       0  CODE    
                text39                         008C56  00001A  008C70      462B       0  CODE    
                text182                        008C70  00001C  008C8C      4638       0  CODE    
                text178                        008C8C  00001C  008CA8      4646       0  CODE    
                text80                         008CA8  00001C  008CC4      4654       0  CODE    
                text185                        008CC4  00001E  008CE2      4662       0  CODE    
                text161                        008CE2  00001E  008D00      4671       0  CODE    
                text114                        008D00  00001E  008D1E      4680       0  CODE    
                text107                        008D1E  00001E  008D3C      468F       0  CODE    
                text1                          008D3C  00001E  008D5A      469E       0  CODE    
                text75                         008D5A  000020  008D7A      46AD       0  CODE    
                text139                        008D7A  000022  008D9C      46BD       0  CODE    
                text78                         008D9C  000022  008DBE      46CE       0  CODE    
                text7                          008DBE  000022  008DE0      46DF       0  CODE    
                text30                         008DE0  000024  008E04      46F0       0  CODE    
                text116                        008E04  000026  008E2A      4702       0  CODE    
                text64                         008E2A  000026  008E50      4715       0  CODE    
                text62                         008E50  000026  008E76      4728       0  CODE    
                text171                        008E76  00002A  008EA0      473B       0  CODE    
                text47                         008EA0  00002A  008ECA      4750       0  CODE    
                text44                         008ECA  00002A  008EF4      4765       0  CODE    
                text189                        008EF4  00002C  008F20      477A       0  CODE    
                text130                        008F20  00002C  008F4C      4790       0  CODE    
                text76                         008F4C  00002C  008F78      47A6       0  CODE    
                text59                         008F78  00002C  008FA4      47BC       0  CODE    
                text36                         008FA4  00002C  008FD0      47D2       0  CODE    
                text25                         008FD0  00002C  008FFC      47E8       0  CODE    
                text23                         008FFC  00002C  009028      47FE       0  CODE    
                text2                          009028  00002E  009056      4814       0  CODE    
                text159                        009056  000030  009086      482B       0  CODE    
                text72                         009086  000030  0090B6      4843       0  CODE    
                text146                        0090B6  000032  0090E8      485B       0  CODE    
                text19                         0090E8  000036  00911E      4874       0  CODE    
                text74                         00911E  000038  009156      488F       0  CODE    
                text71                         009156  000038  00918E      48AB       0  CODE    
                text45                         00918E  000038  0091C6      48C7       0  CODE    
                text106                        0091C6  00003C  009202      48E3       0  CODE    
                text70                         009202  00003C  00923E      4901       0  CODE    
                text63                         00923E  00003C  00927A      491F       0  CODE    
                text26                         00927A  00003E  0092B8      493D       0  CODE    
                text186                        0092B8  000040  0092F8      495C       0  CODE    
                text35                         0092F8  000040  009338      497C       0  CODE    
                text170                        009338  000042  00937A      499C       0  CODE    
                text141                        00937A  000042  0093BC      49BD       0  CODE    
                text181                        0093BC  000044  009400      49DE       0  CODE    
                text122                        009400  000046  009446      4A00       0  CODE    
                text81                         009446  000048  00948E      4A23       0  CODE    
                text90                         00948E  00004A  0094D8      4A47       0  CODE    
                text42                         0094D8  00004C  009524      4A6C       0  CODE    
                text99                         009524  00004E  009572      4A92       0  CODE    
                text43                         009572  00004E  0095C0      4AB9       0  CODE    
                text145                        0095C0  000050  009610      4AE0       0  CODE    
                text87                         009610  000050  009660      4B08       0  CODE    
                text5                          009660  000050  0096B0      4B30       0  CODE    
                text191                        0096B0  000052  009702      4B58       0  CODE    
                text156                        009702  000052  009754      4B81       0  CODE    
                text140                        009754  000054  0097A8      4BAA       0  CODE    
                text176                        0097A8  000056  0097FE      4BD4       0  CODE    
                text103                        0097FE  000056  009854      4BFF       0  CODE    
                idataBANK1                     009855  000057  0098AC      9855       0  CODE    
                text190                        0098AC  00005C  009908      4C56       0  CODE    
                text150                        009908  000060  009968      4C84       0  CODE    
                text142                        009968  000060  0099C8      4CB4       0  CODE    
                text120                        0099C8  000060  009A28      4CE4       0  CODE    
                text50                         009A28  000062  009A8A      4D14       0  CODE    
                text137                        009A8A  000064  009AEE      4D45       0  CODE    
                text85                         009AEE  000064  009B52      4D77       0  CODE    
                text164                        009B52  000066  009BB8      4DA9       0  CODE    
                text69                         009BB8  000066  009C1E      4DDC       0  CODE    
                text37                         009C1E  000066  009C84      4E0F       0  CODE    
                text136                        009C84  000068  009CEC      4E42       0  CODE    
                text54                         009CEC  00006C  009D58      4E76       0  CODE    
                text192                        009D58  000072  009DCA      4EAC       0  CODE    
                text188                        009DCA  000072  009E3C      4EE5       0  CODE    
                text187                        009E3C  000072  009EAE      4F1E       0  CODE    
                text109                        009EAE  000072  009F20      4F57       0  CODE    
                cinit                          009F20  000076  009F96      4F90       0  CODE    
                text102                        009F96  000078  00A00E      4FCB       0  CODE    
                text58                         00A00E  000078  00A086      5007       0  CODE    
                text0                          00A086  000078  00A0FE      5043       0  CODE    
                text100                        00A0FE  00007E  00A17C      507F       0  CODE    
                text33                         00A17C  000080  00A1FC      50BE       0  CODE    
                text177                        00A1FC  000082  00A27E      50FE       0  CODE    
                text180                        00A27E  000084  00A302      513F       0  CODE    
                text96                         00A302  000084  00A386      5181       0  CODE    
                text179                        00A386  000088  00A40E      51C3       0  CODE    
                text131                        00A40E  000088  00A496      5207       0  CODE    
                text46                         00A496  00008A  00A520      524B       0  CODE    
                text153                        00A520  000090  00A5B0      5290       0  CODE    
                text126                        00A5B0  000090  00A640      52D8       0  CODE    
                text101                        00A640  000090  00A6D0      5320       0  CODE    
                text118                        00A6D0  0000A0  00A770      5368       0  CODE    
                text94                         00A770  0000AE  00A81E      53B8       0  CODE    
                text51                         00A81E  0000B0  00A8CE      540F       0  CODE    
                text155                        00A8CE  0000BA  00A988      5467       0  CODE    
                text27                         00A988  0000BC  00AA44      54C4       0  CODE    
                text98                         00AA44  0000C6  00AB0A      5522       0  CODE    
                text97                         00AB0A  0000C8  00ABD2      5585       0  CODE    
                text34                         00ABD2  0000C8  00AC9A      55E9       0  CODE    
                text152                        00AC9A  0000CA  00AD64      564D       0  CODE    
                text89                         00AD64  0000CE  00AE32      56B2       0  CODE    
                text49                         00AE32  0000DC  00AF0E      5719       0  CODE    
                text135                        00AF0E  0000DE  00AFEC      5787       0  CODE    
                text163                        00AFEC  0000E8  00B0D4      57F6       0  CODE    
                text160                        00B0D4  0000EC  00B1C0      586A       0  CODE    
                text121                        00B1C0  0000F2  00B2B2      58E0       0  CODE    
                text183                        00B2B2  0000F8  00B3AA      5959       0  CODE    
                text48                         00B3AA  0000F8  00B4A2      59D5       0  CODE    
                text29                         00B4A2  0000F8  00B59A      5A51       0  CODE    
                text73                         00B59A  0000FA  00B694      5ACD       0  CODE    
                text104                        00B694  000104  00B798      5B4A       0  CODE    
                text86                         00B798  00010C  00B8A4      5BCC       0  CODE    
                text31                         00B8A4  00010C  00B9B0      5C52       0  CODE    
                text184                        00B9B0  000110  00BAC0      5CD8       0  CODE    
                text32                         00BAC0  000116  00BBD6      5D60       0  CODE    
                text144                        00BBD6  00011E  00BCF4      5DEB       0  CODE    
                text57                         00BCF4  000142  00BE36      5E7A       0  CODE    
                text175                        00BE36  00014A  00BF80      5F1B       0  CODE    
                text65                         00BF80  00014E  00C0CE      5FC0       0  CODE    
                text138                        00C0CE  000150  00C21E      6067       0  CODE    
                text148                        00C21E  000162  00C380      610F       0  CODE    
                text95                         00C380  000170  00C4F0      61C0       0  CODE    
                text158                        00C4F0  0001B0  00C6A0      6278       0  CODE    
                text77                         00C6A0  0001B6  00C856      6350       0  CODE    
                text154                        00C856  0001C4  00CA1A      642B       0  CODE    
                text68                         00CA1A  0001D4  00CBEE      650D       0  CODE    
                text133                        00CBEE  0001FC  00CDEA      65F7       0  CODE    
                text61                         00CDEA  000202  00CFEC      66F5       0  CODE    
                text56                         00CFEC  000202  00D1EE      67F6       0  CODE    
                text115                        00D1EE  000210  00D3FE      68F7       0  CODE    
                text28                         00D3FE  00021A  00D618      69FF       0  CODE    
                text149                        00D618  00029C  00D8B4      6B0C       0  CODE    
                text52                         00D8B4  0002E2  00DB96      6C5A       0  CODE    
                text143                        00DB96  0002F6  00DE8C      6DCB       0  CODE    
                text92                         00DE8C  0002FC  00E188      6F46       0  CODE    
                text147                        00E188  000300  00E488      70C4       0  CODE    
                text91                         00E488  00037A  00E802      7244       0  CODE    
                text134                        00E802  00048E  00EC90      7401       0  CODE    
                text105                        00EC90  0006DA  00F36A      7648       0  CODE    
                text53                         00F36A  000AFC  00FE66      79B5       0  CODE    
                mediumconst                    00FE66  00019A  010000      7F33       0  MEDIUMCO
                idloc                          200000  000008  200008    200000       0  IDLOC   
                config                         300000  00000E  30000E    300000       0  CONFIG  


UNUSED ADDRESS RANGES

        Name                Unused          Largest block    Delta
        BANK0            0000F8-0000FF                8
        BANK1            0001F0-0001FF               10
        BANK10           000A00-000AFF              100
        BANK11           000B00-000BFF              100
        BANK12           000C00-000CFF              100
        BANK13           000D00-000DFF              100
        BANK14           000E00-000EFF              100
        BANK15           000F00-000F37               38
        BANK2            0002F5-0002FF                B
        BANK3            0003E0-0003FF               20
        BANK6            0006BE-0006FF               42
        BANK7            000700-0007FF              100
        BANK8            000800-0008FF              100
        BANK9            000900-0009FF              100
        BIGRAM           0000F8-0000FF                8
                         0001F0-0001FF               10
                         0002F5-0002FF                B
                         0003E0-0003FF               20
                         0006BE-000F37              87A
        CODE             000004-0089B3             89B0
                         009854-009854                1
        CONST            000004-0089B3             89B0
                         009854-009854                1
        EEDATA           F00000-F003FF              400
        MEDIUMCONST      001000-0089B3             79B4
                         009854-009854                1
        RAM              0000F8-0000FF                8
                         0001F0-0001FF               10
                         0002F5-0002FF                B
                         0003E0-0003FF               20
                         0006BE-000F37              100
        SFR              000F38-000FFF               28
        SMALLCONST       001000-0089B3              100
                         009854-009854                1
        STACK            0006BE-000F37              87A

                                  Symbol Table

?_ComputeMic                                              cstackCOMRAM 00005B
?_ExecuteDevStatus                                        cstackCOMRAM 000001
?_ExecuteDutyCycle                                        cstackCOMRAM 000001
?_ExecuteLinkAdr                                          cstackCOMRAM 000010
?_ExecuteLinkCheck                                        cstackCOMRAM 000001
?_ExecuteNewChannel                                       cstackCOMRAM 00003F
?_ExecuteRxParamSetupReq                                  cstackCOMRAM 00003F
?_ExecuteRxTimingSetup                                    cstackCOMRAM 000008
?_ExtractMic                                              cstackCOMRAM 00000C
?_GetRx1Freq                                              cstackCOMRAM 000001
?_MacExecuteCommands                                      cstackCOMRAM 000047
?_RADIO_ReadRandom                                        cstackCOMRAM 00000D
?_RADIO_ReceiveStart                                      cstackCOMRAM 00004A
?_RADIO_Transmit                                          cstackCOMRAM 00004A
?_Random                                                  cstackCOMRAM 000046
?_SwTimerReadValue                                        cstackCOMRAM 00002A
?_SwTimersInterrupt                                       cstackCOMRAM 000019
?_TMR1_ReadTimer                                          cstackCOMRAM 000001
?_TMR_GetDeltaTime                                        cstackCOMRAM 000009
?_TMR_SwapTimer                                           cstackCOMRAM 000009
?___awdiv                                                 cstackCOMRAM 000001
?___lldiv                                                 cstackCOMRAM 000001
?___llmod                                                 cstackCOMRAM 000001
?___lmul                                                  cstackCOMRAM 000033
?___lwmod                                                 cstackCOMRAM 000041
?___wmul                                                  cstackCOMRAM 000001
?_rand                                                    cstackCOMRAM 00003F
AESCmac@flag                                              cstackBANK0  0000D0
AESCmac@i                                                 cstackBANK0  0000D3
AESCmac@input                                             cstackBANK0  000064
AESCmac@j                                                 cstackBANK0  0000D2
AESCmac@k1                                                cstackBANK0  00007E
AESCmac@k2                                                cstackBANK0  00006E
AESCmac@key                                               cstackBANK0  000060
AESCmac@mLast                                             cstackBANK0  00008E
AESCmac@n                                                 cstackBANK0  0000D1
AESCmac@output                                            cstackBANK0  000062
AESCmac@padded                                            cstackBANK0  00009E
AESCmac@ptr                                               cstackBANK0  0000CE
AESCmac@size                                              cstackBANK0  000066
AESCmac@x                                                 cstackBANK0  0000BE
AESCmac@y                                                 cstackBANK0  0000AE
AESEncode@aux                                             cstackCOMRAM 00001A
AESEncode@aux1                                            cstackCOMRAM 00001C
AESEncode@aux2                                            cstackCOMRAM 00001B
AESEncode@aux3                                            cstackCOMRAM 00001D
AESEncode@block                                           cstackCOMRAM 000008
AESEncode@i                                               cstackCOMRAM 00001E
AESEncode@key                                             cstackCOMRAM 00000A
AESEncodeLoRa@block                                       cstackCOMRAM 00001F
AESEncodeLoRa@key                                         cstackCOMRAM 000021
AESEncodeLoRa@useKey                                      cstackCOMRAM 000023
AckRetransmissionCallback@maximumPacketSize               cstackCOMRAM 00005F
AssembleEncryptionBlock@blockId                           cstackCOMRAM 000010
AssembleEncryptionBlock@bufferIndex                       cstackCOMRAM 000014
AssembleEncryptionBlock@dir                               cstackCOMRAM 000013
AssembleEncryptionBlock@firstByte                         cstackCOMRAM 000011
AssembleEncryptionBlock@frameCounter                      cstackCOMRAM 00000C
AssembleEncryptionBlock@multicastStatus                   cstackCOMRAM 000012
AssemblePacket@buffer                                     cstackCOMRAM 00005C
AssemblePacket@bufferIndex                                cstackBANK0  0000DA
AssemblePacket@bufferLength                               cstackCOMRAM 00005E
AssemblePacket@confirmed                                  cstackBANK0  0000D6
AssemblePacket@fCtrl                                      cstackBANK0  0000D8
AssemblePacket@macCmdIdx                                  cstackBANK0  0000D9
AssemblePacket@mhdr                                       cstackBANK0  0000D7
AssemblePacket@port                                       cstackCOMRAM 00005B
CheckFlags@hdr                                            cstackCOMRAM 000001
CheckMcastFlags@hdr                                       cstackCOMRAM 000001
ComputeMic@buffer                                         cstackCOMRAM 00005D
ComputeMic@bufferLength                                   cstackCOMRAM 00005F
ComputeMic@key                                            cstackCOMRAM 00005B
ComputeMic@mic                                            cstackBANK0  0000D4
ComputeSessionKeys@joinAcceptBuffer                       cstackCOMRAM 000033
ConfigureRadio@dataRate                                   cstackCOMRAM 000013
ConfigureRadio@freq                                       cstackCOMRAM 00000F
ConfigureRadioRx@dataRate                                 cstackCOMRAM 000018
ConfigureRadioRx@freq                                     cstackCOMRAM 000014
ConfigureRadioTx@dataRate                                 cstackCOMRAM 000018
ConfigureRadioTx@freq                                     cstackCOMRAM 000014
ConfigureRadioTx@txPower                                  cstackCOMRAM 000019
CountfOptsLength@i                                        cstackCOMRAM 000008
CountfOptsLength@macCommandLength                         cstackCOMRAM 000007
DutyCycleCallback@found                                   cstackCOMRAM 00003F
DutyCycleCallback@i                                       cstackCOMRAM 000044
DutyCycleCallback@minim                                   cstackCOMRAM 000040
EnableChannels1@channelIndexMax                           cstackCOMRAM 000009
EnableChannels1@channelIndexMin                           cstackCOMRAM 000008
EnableChannels1@channelMask                               cstackCOMRAM 000005
EnableChannels1@channelMaskCntl                           cstackCOMRAM 000007
EnableChannels1@i                                         cstackCOMRAM 00000C
EnableChannels@channelMask                                cstackCOMRAM 00000D
EnableChannels@channelMaskCntl                            cstackCOMRAM 00000F
EncKeySchedule@key                                        cstackCOMRAM 000001
EncodeShiftRow@stateTable                                 cstackCOMRAM 000001
EncodeShiftRow@temp                                       cstackCOMRAM 000003
EncryptFRMPayload@buffer                                  cstackCOMRAM 000033
EncryptFRMPayload@bufferLength                            cstackCOMRAM 000035
EncryptFRMPayload@bufferToBeEncrypted                     cstackCOMRAM 00003E
EncryptFRMPayload@dir                                     cstackCOMRAM 000036
EncryptFRMPayload@frameCounter                            cstackCOMRAM 000037
EncryptFRMPayload@i                                       cstackCOMRAM 000047
EncryptFRMPayload@j                                       cstackCOMRAM 000048
EncryptFRMPayload@k                                       cstackCOMRAM 000046
EncryptFRMPayload@key                                     cstackCOMRAM 00003B
EncryptFRMPayload@macBufferIndex                          cstackCOMRAM 00003D
EncryptFRMPayload@multicastStatus                         cstackCOMRAM 000040
ExecuteDevStatus@ptr                                      cstackCOMRAM 000001
ExecuteDutyCycle@maxDCycle                                cstackCOMRAM 000006
ExecuteDutyCycle@ptr                                      cstackCOMRAM 000001
ExecuteLinkAdr@channelMask                                cstackCOMRAM 000013
ExecuteLinkAdr@dataRate                                   cstackCOMRAM 000018
ExecuteLinkAdr@ptr                                        cstackCOMRAM 000010
ExecuteLinkAdr@redundancy                                 cstackCOMRAM 000016
ExecuteLinkAdr@txPower                                    cstackCOMRAM 000015
ExecuteLinkCheck@ptr                                      cstackCOMRAM 000001
ExecuteNewChannel@channelIndex                            cstackCOMRAM 000046
ExecuteNewChannel@drRange                                 cstackCOMRAM 000041
ExecuteNewChannel@frequency                               cstackCOMRAM 000042
ExecuteNewChannel@ptr                                     cstackCOMRAM 00003F
ExecuteRxParamSetupReq@dlSettings                         cstackCOMRAM 000045
ExecuteRxParamSetupReq@frequency                          cstackCOMRAM 000041
ExecuteRxParamSetupReq@ptr                                cstackCOMRAM 00003F
ExecuteRxTimingSetup@delay                                cstackCOMRAM 00000A
ExecuteRxTimingSetup@ptr                                  cstackCOMRAM 000008
ExtractMic@buffer                                         cstackCOMRAM 00000C
ExtractMic@bufferLength                                   cstackCOMRAM 00000E
ExtractMic@mic                                            cstackCOMRAM 000012
FillSubKey@carry                                          cstackCOMRAM 000007
FillSubKey@i                                              cstackCOMRAM 000008
FillSubKey@key                                            cstackCOMRAM 000003
FillSubKey@size                                           cstackCOMRAM 000005
FillSubKey@source                                         cstackCOMRAM 000001
FindSmallestDataRate@dataRate                             cstackCOMRAM 000004
FindSmallestDataRate@found                                cstackCOMRAM 000002
FindSmallestDataRate@i                                    cstackCOMRAM 000003
GenerateSubkey@F5972                                      dataBANK1    000171
GenerateSubkey@const_Rb                                   cstackCOMRAM 00003A
GenerateSubkey@i                                          cstackCOMRAM 00005A
GenerateSubkey@k1                                         cstackCOMRAM 000035
GenerateSubkey@k2                                         cstackCOMRAM 000037
GenerateSubkey@key                                        cstackCOMRAM 000033
GenerateSubkey@l                                          cstackCOMRAM 00004A
HALResetPinOutputValue@value                              cstackCOMRAM 000001
HALSPISend@data                                           cstackCOMRAM 000002
INT0_SetInterruptHandler@InterruptHandler                 cstackCOMRAM 000001
INT1_SetInterruptHandler@InterruptHandler                 cstackCOMRAM 000001
INT2_SetInterruptHandler@InterruptHandler                 cstackCOMRAM 000001
INTERRUPT_GetDioStatus@a                                  cstackCOMRAM 000001
IOCB4_SetInterruptHandler@InterruptHandler                cstackCOMRAM 000001
IncludeMacCommandsResponse@bIncludeInFopts                cstackCOMRAM 000005
IncludeMacCommandsResponse@bufferIndex                    cstackCOMRAM 00000E
IncludeMacCommandsResponse@i                              cstackCOMRAM 00000D
IncludeMacCommandsResponse@macBuffer                      cstackCOMRAM 000001
IncludeMacCommandsResponse@pBufferIndex                   cstackCOMRAM 000003
InitDefault433Channels@i                                  cstackCOMRAM 00000C
InitDefault868Channels@i                                  cstackCOMRAM 00000C
LORAWAN_GetMaxPayloadSize@macCommandsLength               cstackCOMRAM 00000A
LORAWAN_GetMaxPayloadSize@result                          cstackCOMRAM 00000B
LORAWAN_Init@RxJoinResponse                               cstackCOMRAM 00004D
LORAWAN_Init@RxPayload                                    cstackCOMRAM 00004B
LORAWAN_Join@activationTypeNew                            cstackBANK0  0000E3
LORAWAN_Join@bufferIndex                                  cstackBANK0  0000E1
LORAWAN_Join@result                                       cstackBANK0  0000E2
LORAWAN_LinkCheckCallback@iCtr                            cstackCOMRAM 00003B
LORAWAN_LinkCheckConfigure@iCtr                           cstackCOMRAM 000049
LORAWAN_LinkCheckConfigure@period                         cstackCOMRAM 00003F
LORAWAN_ReceiveWindow1Callback@freq                       cstackCOMRAM 000054
LORAWAN_Reset@ismBandNew                                  cstackCOMRAM 00004A
LORAWAN_RxDone@buffer                                     cstackBANK0  0000E2
LORAWAN_RxDone@bufferIndex                                cstackBANK1  0001BC
LORAWAN_RxDone@bufferLength                               cstackBANK0  0000E4
LORAWAN_RxDone@channelIndex                               cstackBANK1  0001B6
LORAWAN_RxDone@computedMic                                cstackBANK1  0001C0
LORAWAN_RxDone@extractedMic                               cstackBANK1  0001B8
LORAWAN_RxDone@fPort                                      cstackBANK1  0001B5
LORAWAN_RxDone@frmPayloadLength                           cstackBANK1  0001C6
LORAWAN_RxDone@hdr                                        cstackBANK1  0001C7
LORAWAN_RxDone@joinAccept                                 cstackBANK1  0001C4
LORAWAN_RxDone@mhdr                                       cstackBANK1  0001B7
LORAWAN_RxDone@packet                                     cstackBANK1  0001BE
LORAWAN_RxDone@temp                                       cstackBANK1  0001BD
LORAWAN_RxTimeout@i                                       cstackBANK0  000064
LORAWAN_RxTimeout@minim                                   cstackBANK0  000060
LORAWAN_Send@buffer                                       cstackBANK0  0000DC
LORAWAN_Send@bufferLength                                 cstackBANK0  0000DE
LORAWAN_Send@confirmed                                    cstackBANK0  0000E1
LORAWAN_Send@port                                         cstackBANK0  0000DB
LORAWAN_Send@result                                       cstackBANK0  0000E0
LORAWAN_SetApplicationSessionKey@applicationSessionKeyNew cstackCOMRAM 00000C
LORAWAN_SetChannelIdStatus@channelId                      cstackCOMRAM 000007
LORAWAN_SetChannelIdStatus@statusNew                      cstackCOMRAM 000005
LORAWAN_SetDeviceAddress@deviceAddressNew                 cstackCOMRAM 000001
LORAWAN_SetNetworkSessionKey@networkSessionKeyNew         cstackCOMRAM 00000C
LORAWAN_TxDone@delta                                      cstackBANK0  000069
LORAWAN_TxDone@found                                      cstackBANK0  000068
LORAWAN_TxDone@i                                          cstackBANK0  000079
LORAWAN_TxDone@minim                                      cstackBANK0  000075
LORAWAN_TxDone@ticks                                      cstackBANK0  000071
LORAWAN_TxDone@timeOnAir                                  cstackCOMRAM 000054
MacExecuteCommands@buffer                                 cstackCOMRAM 000047
MacExecuteCommands@done                                   cstackCOMRAM 00004C
MacExecuteCommands@fOptsLen                               cstackCOMRAM 000049
MacExecuteCommands@ptr                                    cstackCOMRAM 00004D
PrepareJoinRequestFrame@bufferIndex                       cstackBANK0  0000E0
PrepareJoinRequestFrame@iCtr                              cstackBANK0  0000DF
PrepareJoinRequestFrame@mhdr                              cstackBANK0  0000DE
PrepareJoinRequestFrame@mic                               cstackBANK0  0000DA
PrepareSessionKeys@appNonce                               cstackCOMRAM 00000E
PrepareSessionKeys@index                                  cstackCOMRAM 000012
PrepareSessionKeys@networkId                              cstackCOMRAM 000010
PrepareSessionKeys@sessionKey                             cstackCOMRAM 00000C
RADIO_DIO0@dioMapping                                     cstackBANK0  0000EE
RADIO_DIO0@opMode                                         cstackBANK0  0000EF
RADIO_DIO1@dioMapping                                     cstackBANK0  000065
[...]
		 -> macBuffer(271), Channels(224), loRa.activationParameters(105), radioBuffer(271), 
		 -> loRa(245), RadioConfiguration(54), AESCmac@x(16), 
  tmp             1    6[COMRAM] unsigned char 
 Return value:  Size  Location     Type
                  2    0[COMRAM] PTR void 
 Registers used:
		wreg, fsr0l, fsr0h, fsr2l, fsr2h, status,2, status,0, tblptrl, tblptrh, tblptru
 Tracked objects:
		On entry : 
		On exit  : 
		Unchanged: 
 Data sizes:     COMRAM   BANK0   BANK1   BANK2   BANK3   BANK4   BANK5   BANK6   BANK7   BANK8   BANK9  BANK10  BANK11  BANK12  BANK13  BANK14  BANK15
      Params:         6       0       0       0       0       0       0       0       0       0       0       0       0       0       0       0       0
      Locals:         5       0       0       0       0       0       0       0       0       0       0       0       0       0       0       0       0
      Temps:          0       0       0       0       0       0       0       0       0       0       0       0       0       0       0       0       0
      Totals:        11       0       0       0       0       0       0       0       0       0       0       0       0       0       0       0       0
Total ram usage:       11 bytes
 Hardware stack levels used:    1
 This function calls:
		Nothing
 This function is called by:
		_AESCmac
		_RADIO_SetFSKSyncWord
		_UpdateCfList
		_InitDefault868Channels
		_InitDefault433Channels
		_AESEncodeLoRa
		_LORAWAN_SetNetworkSessionKey
		_LORAWAN_SetApplicationSessionKey
		_LORAWAN_RxDone
		_AssemblePacket
		_PrepareJoinRequestFrame
		_PrepareSessionKeys
		_AssembleEncryptionBlock
		_ExtractMic
		_ComputeMic
		_RADIO_GetData
		_RADIO_GetFSKSyncWord
		_LORAWAN_SetMcastNetworkSessionKey
		_LORAWAN_SetMcastApplicationSessionKey
		_LORAWAN_GetMcastApplicationSessionKey
		_LORAWAN_GetMcastNetworkSessionKey
		_LORAWAN_SetDeviceEui
		_LORAWAN_GetDeviceEui
		_LORAWAN_SetApplicationEui
		_LORAWAN_GetApplicationEui
		_LORAWAN_GetNetworkSessionKey
		_LORAWAN_GetApplicationSessionKey
		_LORAWAN_SetApplicationKey
		_LORAWAN_GetApplicationKey
 This function uses a non-reentrant model


 *************** function _CreateAllSoftwareTimers *****************
 Defined at:
		line 937 in file "mcc_generated_files/LoRaWAN/lorawan_eu.c"
 Parameters:    Size  Location     Type
		None
 Auto vars:     Size  Location     Type
		None
 Return value:  Size  Location     Type
                  1    wreg      void 
 Registers used:
		wreg, fsr2l, fsr2h, status,2, status,0, prodl, prodh, cstack
 Tracked objects:
		On entry : 
		On exit  : 
		Unchanged: 
 Data sizes:     COMRAM   BANK0   BANK1   BANK2   BANK3   BANK4   BANK5   BANK6   BANK7   BANK8   BANK9  BANK10  BANK11  BANK12  BANK13  BANK14  BANK15
      Params:         0       0       0       0       0       0       0       0       0       0       0       0       0       0       0       0       0
      Locals:         0       0       0       0       0       0       0       0       0       0       0       0       0       0       0       0       0
      Temps:          0       0       0       0       0       0       0       0       0       0       0       0       0       0       0       0       0
      Totals:         0       0       0       0       0       0       0       0       0       0       0       0       0       0       0       0       0
Total ram usage:        0 bytes
 Hardware stack levels used:    1
 Hardware stack levels required when called:    1
 This function calls:
		_SwTimerCreate
 This function is called by:
		_LORAWAN_Init
 This function uses a non-reentrant model


 *************** function _SwTimerCreate *****************
 Defined at:
		line 154 in file "mcc_generated_files/LoRaWAN/sw_timer.c"
 Parameters:    Size  Location     Type
		None
 Auto vars:     Size  Location     Type
  retVal          1    0[COMRAM] unsigned char 
 Return value:  Size  Location     Type
                  1    wreg      unsigned char 
 Registers used:
		wreg, fsr2l, fsr2h, status,2, status,0, prodl, prodh
 Tracked objects:
		On entry : 
		On exit  : 
		Unchanged: 
 Data sizes:     COMRAM   BANK0   BANK1   BANK2   BANK3   BANK4   BANK5   BANK6   BANK7   BANK8   BANK9  BANK10  BANK11  BANK12  BANK13  BANK14  BANK15
      Params:         0       0       0       0       0       0       0       0       0       0       0       0       0       0       0       0       0
      Locals:         1       0       0       0       0       0       0       0       0       0       0       0       0       0       0       0       0
      Temps:          0       0       0       0       0       0       0       0       0       0       0       0       0       0       0       0       0
      Totals:         1       0       0       0       0       0       0       0       0       0       0       0       0       0       0       0       0
Total ram usage:        1 bytes
 Hardware stack levels used:    1
 This function calls:
		Nothing
 This function is called by:
		_RADIO_Init
		_CreateAllSoftwareTimers
 This function uses a non-reentrant model



MODULE INFORMATION

Module		Function		Class		Link	Load	Size
mcc_generated_files/LoRaWAN/lorawan.c
		_UpdateReceiveWindow2Parameters		CODE           	8BA8	0000	23
		_ExecuteRxTimingSetup		CODE           	8E50	0000	39
		_ComputeMic    		CODE           	9968	0000	97
		_SetReceptionNotOkState		CODE           	A00E	0000	121
		_PrepareJoinRequestFrame		CODE           	C0CE	0000	337
		_LORAWAN_ReceiveWindow2Callback		CODE           	ABD2	0000	201
		_LORAWAN_LinkCheckConfigure		CODE           	BE36	0000	331
		_LORAWAN_SetApplicationSessionKey		CODE           	8FD0	0000	45
		_CountfOptsLength		CODE           	AA44	0000	199
		_AssembleEncryptionBlock		CODE           	AB0A	0000	201
		_UpdateCurrentDataRate		CODE           	8A1E	0000	9
		_UnconfirmedTransmissionCallback		CODE           	9C1E	0000	103
		_LORAWAN_SetNetworkSessionKey		CODE           	8FFC	0000	45
		_MacExecuteCommands		CODE           	CDEA	0000	515
		_IncludeMacCommandsResponse		CODE           	DE8C	0000	765
		_LORAWAN_GetMaxPayloadSize		CODE           	948E	0000	75
		_CheckMcastFlags		CODE           	9F96	0000	121
		_SetJoinFailState		CODE           	8F78	0000	45
		_AckRetransmissionCallback		CODE           	B8A4	0000	269
		_PrepareSessionKeys		CODE           	A640	0000	145
		_UpdateMinMaxChDataRate		CODE           	A8CE	0000	187
		_EncryptFRMPayload		CODE           	C380	0000	369
		_ResetParametersForUnconfirmedTransmission		CODE           	8B22	0000	17
		_AutomaticReplyCallback		CODE           	8DE0	0000	37
		_ResetParametersForConfirmedTransmission		CODE           	8A92	0000	15
		_FindSmallestDataRate		CODE           	A770	0000	175
		_LORAWAN_SetDeviceAddress		CODE           	8BD6	0000	25
		_UpdateTxPower 		CODE           	8A26	0000	9
		_CheckFlags    		CODE           	97FE	0000	87
		_ExtractMic    		CODE           	9524	0000	79
		_LORAWAN_ReceiveWindow1Callback		CODE           	A17C	0000	129
		_LORAWAN_Send  		CODE           	AD64	0000	207
		_LORAWAN_Join  		CODE           	A6D0	0000	161
		_ConfigureRadioRx		CODE           	8E04	0000	39
		_UpdateReceiveDelays		CODE           	923E	0000	61
		_ComputeSessionKeys		CODE           	A0FE	0000	127
		_LORAWAN_LinkCheckCallback		CODE           	BAC0	0000	279
		_UpdateJoinSuccessState		CODE           	B4A2	0000	249
		_LORAWAN_EnterContinuousReceive		CODE           	9EAE	0000	115
		_ExecuteLinkCheck		CODE           	8F4C	0000	45
		_LORAWAN_Mainloop		CODE           	927A	0000	63
		_AssemblePacket		CODE           	E488	0000	891
		_UpdateRetransmissionAckTimeoutState		CODE           	9CEC	0000	109
		_Random        		CODE           	8D7A	0000	35
		_LORAWAN_RxDone		CODE           	F36A	0000	2813
		_UpdateJoinInProgress		CODE           	8B56	0000	21

mcc_generated_files/LoRaWAN/lorawan.c estimated size: 10030

C:\Program Files (x86)\Microchip\xc8\v2.05\pic\sources\c90\common\llmod.c
		___llmod       		CODE           	9B52	0000	103

C:\Program Files (x86)\Microchip\xc8\v2.05\pic\sources\c90\common\llmod.c estimated size: 103

mcc_generated_files/LoRaWAN/interrupt_manager_lora_addons.c
		_INTERRUPT_GetDioStatus		CODE           	8B32	0000	19

mcc_generated_files/LoRaWAN/interrupt_manager_lora_addons.c estimated size: 19

mcc_generated_files/LoRaWAN/lorawan_aes.c
		_AESEncodeLoRa 		CODE           	90B6	0000	51

mcc_generated_files/LoRaWAN/lorawan_aes.c estimated size: 51

mcc_generated_files/LoRaWAN/sw_timer.c
		_SwTimerStop   		CODE           	8C8C	0000	29
		_SwTimerStart  		CODE           	A386	0000	137
		_TMR_GetDeltaTime		CODE           	B9B0	0000	273
		_SwTimerReadValue		CODE           	91C6	0000	61
		_SwTimerIsRunning		CODE           	8D1E	0000	31
		_SwTimerCreate 		CODE           	9D58	0000	115
		_TMR_OverrideRemaining		CODE           	A27E	0000	133
		_TMR_SwapTimer 		CODE           	93BC	0000	69
		_SwTimerSetCallback		CODE           	9056	0000	49
		_SwTimerSetTimeout		CODE           	92B8	0000	65
		_SwTimersInterrupt		CODE           	B2B2	0000	249
		_SystemBlockingWaitMs		CODE           	8E76	0000	43
		_SwTimersExecute		CODE           	A988	0000	189
		_SystemTimerInit		CODE           	8A2E	0000	9

mcc_generated_files/LoRaWAN/sw_timer.c estimated size: 1452

mcc_generated_files/interrupt_manager.c
		_INTERRUPT_Initialize		CODE           	89CC	0000	5

mcc_generated_files/interrupt_manager.c estimated size: 5

C:\Program Files (x86)\Microchip\xc8\v2.05\pic\sources\c90\common\memcpy.c
		_memcpy        		CODE           	98AC	0000	93

C:\Program Files (x86)\Microchip\xc8\v2.05\pic\sources\c90\common\memcpy.c estimated size: 93

mcc_generated_files/pin_manager.c
		_PIN_MANAGER_Initialize		CODE           	9660	0000	81
		_IOCB4_SetInterruptHandler		CODE           	8A72	0000	11

mcc_generated_files/pin_manager.c estimated size: 92

C:\Program Files (x86)\Microchip\xc8\v2.05\pic\sources\c90\common\Umul16.c
		___wmul        		CODE           	8E2A	0000	39

C:\Program Files (x86)\Microchip\xc8\v2.05\pic\sources\c90\common\Umul16.c estimated size: 39

mcc_generated_files/LoRaWAN/lorawan_init.c
		_DIO0_ISR_Lora_Init		CODE           	8AA0	0000	15
		_DIO1_ISR_Lora_Init		CODE           	8AAE	0000	15
		_DIO2_ISR_Lora_Init		CODE           	8ABC	0000	15
		_DIO3_ISR_Lora_Init		CODE           	89B8	0000	3
		_DIO4_ISR_Lora_Init		CODE           	89BA	0000	3
		_LORAWAN_PlatformInit		CODE           	8DBE	0000	35
		_DIO5_ISR_Lora_Init		CODE           	8ACA	0000	15

mcc_generated_files/LoRaWAN/lorawan_init.c estimated size: 101

mcc_generated_files/LoRaWAN/radio_driver_hal.c
		_HALDIO5PinValue		CODE           	8A86	0000	13
		_HALResetPinMakeInput		CODE           	89BC	0000	5
		_HALResetPinMakeOutput		CODE           	89C0	0000	5
		_HALResetPinOutputValue		CODE           	8B92	0000	23
		_HALSPISend    		CODE           	8A36	0000	11
		_HALSPICSDeassert		CODE           	89C8	0000	5
		_HALSPICSAssert		CODE           	89C4	0000	5

mcc_generated_files/LoRaWAN/radio_driver_hal.c estimated size: 67

mcc_generated_files/LoRaWAN/lorawan_aes_cmac.c
		_GenerateSubkey		CODE           	BBD6	0000	287
		_AESCmac       		CODE           	DB96	0000	759
		_FillSubKey    		CODE           	95C0	0000	81

mcc_generated_files/LoRaWAN/lorawan_aes_cmac.c estimated size: 1127

mcc_generated_files/LoRaWAN/radio_driver_SX1276.c
		_RADIO_ReceiveStart		CODE           	D1EE	0000	529
		_RADIO_Init    		CODE           	C4F0	0000	433
		_RADIO_SetSpreadingFactor		CODE           	89FE	0000	9
		_RADIO_WriteConfiguration		CODE           	E802	0000	1167
		_RADIO_RxFSKTimeout		CODE           	8FA4	0000	45
		_RADIO_WriteFSKBitRate		CODE           	9A8A	0000	101
		_RADIO_WriteMode		CODE           	B0D4	0000	237
		_RADIO_Reset   		CODE           	9338	0000	67
		_RADIO_GetStatus		CODE           	89DA	0000	7
		_RADIO_RxDone  		CODE           	AE32	0000	221
		_RADIO_WriteFSKFrequencyDeviation		CODE           	9C84	0000	105
		_RADIO_GetPacketSnr		CODE           	89E0	0000	7
		_RADIO_SetModulation		CODE           	89F6	0000	9
		_RADIO_RegisterWrite		CODE           	8BEE	0000	27
		_RADIO_ReadRandom		CODE           	A520	0000	145
		_RADIO_ReleaseData		CODE           	89D4	0000	7
		_RADIO_FSKPacketSent		CODE           	B694	0000	261
		_RADIO_RegisterRead		CODE           	8CE2	0000	31
		_RADIO_SetBandwidth		CODE           	89EE	0000	9
		_RADIO_ReceiveStop		CODE           	8D00	0000	31
		_RADIO_DIO0    		CODE           	A496	0000	139
		_RADIO_DIO1    		CODE           	9572	0000	79
		_RADIO_DIO2    		CODE           	94D8	0000	77
		_RADIO_DIO3    		CODE           	8C22	0000	27
		_RADIO_DIO4    		CODE           	8C3C	0000	27
		_RADIO_DIO5    		CODE           	8C56	0000	27
		_RADIO_FHSSChangeChannel		CODE           	918E	0000	57
		_RADIO_TxDone  		CODE           	B3AA	0000	249
		_RADIO_SetFrequencyHopPeriod		CODE           	8A40	0000	11
		_RADIO_FSKPayloadReady		CODE           	A81E	0000	177
		_RADIO_SetLoRaSyncWord		CODE           	89E6	0000	9
		_RADIO_SetIQInverted		CODE           	8A0E	0000	9
		_RADIO_SetFSKSyncWord		CODE           	8F20	0000	45
		_RADIO_RxTimeout		CODE           	8ECA	0000	43
		_RADIO_WritePower		CODE           	AF0E	0000	223
		_RADIO_SetOutputPower		CODE           	8A16	0000	9
		_RADIO_WatchdogTimeout		CODE           	92F8	0000	65
		_RADIO_SetChannelFrequency		CODE           	A40E	0000	137
		_RADIO_Transmit		CODE           	CBEE	0000	509
		_RADIO_UnhandledInterrupt		CODE           	8EA0	0000	43
		_RADIO_SetCRC  		CODE           	8A06	0000	9
		_RADIO_WriteFrequency		CODE           	AFEC	0000	233

mcc_generated_files/LoRaWAN/radio_driver_SX1276.c estimated size: 5652

mcc_generated_files/ext_int.c
		_INT0_SetInterruptHandler		CODE           	8A54	0000	11
		_INT1_SetInterruptHandler		CODE           	8A5E	0000	11
		_EXT_INT_Initialize		CODE           	90E8	0000	55
		_INT2_SetInterruptHandler		CODE           	8A68	0000	11

mcc_generated_files/ext_int.c estimated size: 88

C:\Program Files (x86)\Microchip\xc8\v2.05\pic\sources\c90\common\awdiv.c
		___awdiv       		CODE           	A302	0000	133

C:\Program Files (x86)\Microchip\xc8\v2.05\pic\sources\c90\common\awdiv.c estimated size: 133

mcc_generated_files/LoRaWAN/tmr_lora_addons.c
		_TMR_ISR_Lora_Init		CODE           	8AD8	0000	15

mcc_generated_files/LoRaWAN/tmr_lora_addons.c estimated size: 15

shared
		_spreadingFactor		MEDIUMCONST    	FF95	0000	8
		_maxPayloadSize		MEDIUMCONST    	FF77	0000	9
		_DefaultChannels433		MEDIUMCONST    	FFA8	0000	43
		_FskSyncWordBuff		MEDIUMCONST    	FFFC	0000	4
		_rxWindowSize  		MEDIUMCONST    	FF7F	0000	9
		_DefaultChannels868		MEDIUMCONST    	FFD2	0000	43
		_macEndDevCmdReplyLen		MEDIUMCONST    	FF87	0000	8
		__initialization		CODE           	9F20	0000	113
		_txPower433    		MEDIUMCONST    	0000	0000	0
		_txPower868    		MEDIUMCONST    	FFA2	0000	7
		_rxWindowOffset		MEDIUMCONST    	FF6F	0000	9
		_STable        		MEDIUMCONST    	FE67	0000	257
		_modulation    		MEDIUMCONST    	FF67	0000	9
		_bandwidth     		MEDIUMCONST    	FF8E	0000	8

shared estimated size: 527

mcc_generated_files/LoRaWAN/lorawan_eu.c
		_ExecuteNewChannel		CODE           	CA1A	0000	469
		_ExecuteLinkAdr		CODE           	C6A0	0000	439
		_UpdateDataRange		CODE           	B59A	0000	251
		_UpdateDutyCycle		CODE           	9086	0000	49
		_ValidateChannelMaskCntl		CODE           	8CA8	0000	29
		_LORAWAN_RxTimeout		CODE           	D8B4	0000	739
		_ValidateChannelId		CODE           	8D5A	0000	33
		_InitDefault433Channels		CODE           	9DCA	0000	115
		_DutyCycleCallback		CODE           	D3FE	0000	539
		_InitDefault868Channels		CODE           	9E3C	0000	115
		_SelectChannelForTransmission		CODE           	99C8	0000	97
		_ValidateChannelMask		CODE           	9446	0000	73
		_ValidateDataRate		CODE           	8B6A	0000	21
		_ValidateRxOffset		CODE           	8B7E	0000	21
		_ValidateDataRange		CODE           	9202	0000	61
		_SetCallbackSoftwareTimers		CODE           	AC9A	0000	203
		_StartReTxTimer		CODE           	BCF4	0000	323
		_SearchAvailableChannel		CODE           	B1C0	0000	243
		_EnableChannels		CODE           	8C08	0000	27
		_UpdateFrequency		CODE           	9156	0000	57
		_ValidateFrequency		CODE           	9BB8	0000	103
		_EnableChannels1		CODE           	9AEE	0000	101
		_ExecuteRxParamSetupReq		CODE           	BF80	0000	335
		_UpdateDLSettings		CODE           	8BBE	0000	25
		_GetRx1Freq    		CODE           	8B44	0000	19
		_ValidateTxPower		CODE           	8D9C	0000	35
		_LORAWAN_Init  		CODE           	9908	0000	97
		_ConfigureRadioTx		CODE           	9400	0000	71
		_LORAWAN_Reset 		CODE           	C856	0000	453
		_ExecuteDutyCycle		CODE           	9610	0000	81
		_UpdateCfList  		CODE           	CFEC	0000	515
		_LORAWAN_SetChannelIdStatus		CODE           	911E	0000	57
		_StopAllSoftwareTimers		CODE           	9702	0000	83
		_UpdateChannelIdStatus		CODE           	B798	0000	269
		_ConfigureRadio		CODE           	A5B0	0000	145
		_LORAWAN_TxDone		CODE           	EC90	0000	1755
		_ExecuteDevStatus		CODE           	8A4A	0000	11
		_CreateAllSoftwareTimers		CODE           	96B0	0000	83

mcc_generated_files/LoRaWAN/lorawan_eu.c estimated size: 8142

C:\Program Files (x86)\Microchip\xc8\v2.05\pic\sources\c90\common\Umul32.c
		___lmul        		CODE           	97A8	0000	87

C:\Program Files (x86)\Microchip\xc8\v2.05\pic\sources\c90\common\Umul32.c estimated size: 87

mcc_generated_files/mcc.c
		_OSCILLATOR_Initialize		CODE           	8AE6	0000	15
		_SYSTEM_Initialize		CODE           	8D3C	0000	31

mcc_generated_files/mcc.c estimated size: 46

mcc_generated_files/tmr1.c
		_TMR1_Initialize		CODE           	9028	0000	47
		_TMR1_SetInterruptHandler		CODE           	8A7C	0000	11
		_TMR1_WriteTimer		CODE           	8C70	0000	29
		_TMR1_StartTimer		CODE           	89D0	0000	5
		_TMR1_ReadTimer		CODE           	8CC4	0000	31

mcc_generated_files/tmr1.c estimated size: 123

mcc_generated_files/LoRaWAN/AES.c
		_AESEncode     		CODE           	E188	0000	769
		_EncKeySchedule		CODE           	D618	0000	669
		_EncodeShiftRow		CODE           	C21E	0000	355

mcc_generated_files/LoRaWAN/AES.c estimated size: 1793

mcc_generated_files/spi2.c
		_SPI2_Exchange8bit		CODE           	8B02	0000	17
		_SPI2_Initialize		CODE           	8AF4	0000	15

mcc_generated_files/spi2.c estimated size: 32

C:\Program Files (x86)\Microchip\xc8\v2.05\pic\sources\c90\common\rand.c
		_srand         		CODE           	8B12	0000	17
		_rand          		CODE           	9754	0000	85

C:\Program Files (x86)\Microchip\xc8\v2.05\pic\sources\c90\common\rand.c estimated size: 102

C:\Program Files (x86)\Microchip\xc8\v2.05\pic\sources\c90\common\memset.c
		_memset        		CODE           	8EF4	0000	45

C:\Program Files (x86)\Microchip\xc8\v2.05\pic\sources\c90\common\memset.c estimated size: 45

C:\Program Files (x86)\Microchip\xc8\v2.05\pic\sources\c90\common\__lldiv.c
		___lldiv       		CODE           	A1FC	0000	131

C:\Program Files (x86)\Microchip\xc8\v2.05\pic\sources\c90\common\__lldiv.c estimated size: 131

main.c
		_RxData        		CODE           	89B4	0000	3
		_main          		CODE           	A086	0000	121
		_RxJoinResponse		CODE           	89B6	0000	3

main.c estimated size: 127

C:\Program Files (x86)\Microchip\xc8\v2.05\pic\sources\c90\common\lwmod.c
		___lwmod       		CODE           	937A	0000	67

C:\Program Files (x86)\Microchip\xc8\v2.05\pic\sources\c90\common\lwmod.c estimated size: 67

C:\Program Files (x86)\Microchip\xc8\v2.05\pic\sources\c90\common\abdiv.c
		___abdiv       		CODE           	9A28	0000	99

C:\Program Files (x86)\Microchip\xc8\v2.05\pic\sources\c90\common\abdiv.c estimated size: 99

